# 패키지 관리자

> Q : 프로그램을 설치하려면 어떻게 해야할까요?
>
> A : 설치파일을 다운 받고, 실행 시키고, 설치를 하면 되겠죠. 
>
> Q : 리눅스에서는요?
>
> A : …...

-nix like[^1]에서 프로그램을 설치하는 방법을 이야기해보자면, 과거에는 소스코드를 다운 받고, ./configure를 이용해서 적합한 Makefile을 만들고, make, make install을 통해서 컴파일을 하여 설치를 하였습니다. 아직도, 이렇게 프로그램 빌드하는 경우가 있습니다.

```bash
$ ./configure
$ make
$ make install
```

사실 이런 빌드 과정은 프로그램을 컴파일하는 시간도 엄청나게 길었을 뿐만 아니라, 상당히 귀찮은 작업이었습니다. 그래서, 팩키지 단위로 설치를 하는 대안이 나왔고, 그 이후에는 패키지 관리기법도 귀찮아서 앱스토어와 비슷하게 인터넷에서 다운로드까지 자동으로 해주는 녀석들이 나왔습니다. 이제 이것들에 대해서 리눅스 역사 공부도 할 겸 하나하나 살펴보도록 하죠.

[^1]: Unix, Linux 등등...

## Old way

일반적으로 다음과 같은 과정을 거쳐 빌드를 하게 됩니다.

1. 웹 상에서 배포되고 있는 .tar.gz 파일들을 다운로드 받은 뒤, tar 명령어를 이용하여 압축을 해제합니다.
2. 소스코드의 설정 부분들을 입맛에 맛게 수정한 뒤, ./configure 를 이용해서 Makefile을 만들거나, 이미 만들어진 Makefile을 적절하게(?) 수정을 합니다.
3. make 명령어를 이용하여 빌드를 시작합니다
4. make install을 이용하여 설치를 마무리 합니다

## rpm

RPM은 Redhat Package Manager의 줄임말이자 RPM Package Manager의 줄임말입니다. 레드햇 리눅스에서 도입된 패키지 관리자이며, 레드햇 계열 리눅스를 써보셨다면 과거에는 정말 많이 썼던 명령어일 것입니다. 기본적인 사용방법은 원하는 패키지를 인터넷에서 다운 받아서, rpm을 이용하여 팩키지를 설치하거나 업그레이드를 하면 됩니다. 다음과 같은 명령어를 사용해서 말이죠.

- 설치

  > `rpm -ivh 패키지명`

- 설치 확인

  > `rpm -qa | grep 패키지명`

- 제거

  > `rpm -ev 패키지명`

- 업그레이드

  > `rpm -Uvh 패키지명`

보면 머리가 아프군요. -ivh는 또 뭐고, -qa는 또 뭐고…. 그냥 install, list, remove, upgrade 이렇게 쓰면 안되는 걸까요? 심지어, rpm은 의존성 문제를 자동적으로 해결해주지 않습니다. 그러니까, 예를들어서, rpm으로 A라는 팩키지를 설치할 때, B, C, D가 컴퓨터에 미리 깔려있어야한다고 가정을 해보죠. 즉, C, D가 안 깔려있다면, C, D를 또 깔아줘야합니다. 눈치를 채신분들도 있으시겠지만, C와 D도 의존성이 존재할 거라는 거죠. 다시 말하면, C가 E, F, G를, D가 G, H, I를, E가.... 이런식으로 꼬리를 물면서 팩키지 의존성들이 있으면, 의존성이 있는 팩키지들을 하나하나 다 깔아야한다는 문제가 존재하는 것입니다. 거기다가, C 팩키지는 G 팩키지 1.X 버전을, D 팩키지가 G 팩키지 2.X 버전을 요구한다면 어떻게 하실겁니까? 일반적으로 이것을 의존성 지옥이라고 부릅니다.[^1] 결국 이것에 대한 해결책이 나오기 까진, 아니… 정확히는 데비안 계열에서 이것에 대해서 먼저 해결책을 제시해줬죠. [^2]

이런 일들에 대해서 좀 더 궁금하시다면, 2003년에 KLDP에 올라온 [여러분들은 의존성이 생길때 어떻게 해결하십니까?](https://kldp.org/node/24450) 글을 한 번 읽어보시길

[^1]: 설명이 이해가 안되신다면, 정광섭님의 [의존성 지옥](https://www.lesstif.com/pages/viewpage.action?pageId=26083775)을 읽어보시길

[^2]: 기억에 의존하는 것임으로 역시 이 또한 명확한 출처 필요

{% include '/틀/작성중.md' %}

## yum

## dpkg

## apt-get

아마도 우분투 환경에서 프로그램을 설치하게 된다면, 자주 쓰게 될 명령어일 것입니다. apt-get 하나로 정말 리눅스에서의 생활이 편해지는 걸 느낄 수 있을 것입니다. 많은 오픈소스 프로젝트들을 apt-get 명령어 하나로 다운받고 설치하고 의존성 문제도 깨끗하게 해결되는 걸 볼 수 있습니다. 자 이제 배워보도록 합시다!

## [brew](http://brew.sh/)

리눅스 진영에 yum과 apt-get이 있다면, OS X 진영에는 Fink, MacPort, Homebrew 등등이 있습니다. 그 중에서도, 현재 OS X 진영에서 제일 쓸만한 녀석은 Homebrew 일 것입니다. 까는 방법도 상당히 쉽습니다. 터미널에서 [홈브류 홈페이지](http://brew.sh/)에 올라온 명령어만 치고 잠시 기다리면 됩니다.

기본적인 사용방법은 apt-get과 상당히 비슷합니다만,  brew에서는 tap과 caskroom이라는 개념이 존재합니다. 예제를 통해 각각의 기능들 살펴보도록 하겠습니다.

```bash
$ brew help
Example usage:
  brew search [TEXT|/REGEX/]
  brew (info|home|options) [FORMULA...]
  brew install FORMULA...
  brew update
  brew upgrade [FORMULA...]
  brew uninstall FORMULA...
  brew list [FORMULA...]

Troubleshooting:
  brew config
  brew doctor
  brew install -vd FORMULA

Developers:
  brew create [URL [--no-fetch]]
  brew edit [FORMULA...]
  https://github.com/Homebrew/brew/blob/master/docs/Formula-Cookbook.md

Further help:
  man brew
  brew help [COMMAND]
  brew home
# brew help를 하면 알 수 있듯이, brew <명령어> [옵션] 형태로 명령을 내립니다.
# 팩키지 검색, 정보 보기, 설치, 설치된 팩키지 보기, 삭제 순으로 실습을 해봅시다.

# brew로 abc 팩키지 검색
$ brew search abc
abcde                    abcl                     abcm2ps                  abcmidi

# abc로 검색된 것 중에서 abcde라는 녀석의 정보를 보겠습니다.
$ brew info abcde
abcde: stable 2.7.2 (bottled), HEAD
Better CD Encoder
https://abcde.einval.com
Not installed
From: https://github.com/Homebrew/homebrew-core/blob/master/Formula/abcde.rb
==> Dependencies
Required: cd-discid ✔, cdrtools ✔, id3v2 ✔, mkcue ✔
Optional: flac ✔, lame ✔, vorbis-tools ✘, glyr ✘
==> Options
--with-flac
	Build with flac support
--with-glyr
	Build with glyr support
--with-lame
	Build with lame support
--with-vorbis-tools
	Build with vorbis-tools support
--HEAD
	Install HEAD version

# brew home 명령어로 abcde의 제작사 홈페이지를 열 수 있습니다.
$ brew home abcde

# brew install abcde 명령어로 abcde를 설치합니다.
$ brew install abcde
==> Downloading https://homebrew.bintray.com/bottles/abcde-2.7.2.sierra.bottle.tar.gz
Already downloaded: /Users/BenjiOh5/Library/Caches/Homebrew/abcde-2.7.2.sierra.bottle.tar.gz
==> Pouring abcde-2.7.2.sierra.bottle.tar.gz
🍺  /usr/local/Cellar/abcde/2.7.2: 13 files, 422.7K

# brew upgrade 명령어로, abcde를 업그레이드 해봅시다. 최신 버전임으로 에러가 뜹니다.
$ brew upgrade abcde
Error: abcde 2.7.2 already installed

# brew는 캐시 파일이 남기 때문에, 설치 후에 cleanup 명령어로 캐시를 날려야합니다.
# 귀찮다면 brew update; brew upgrade; brew cleanup 으로 명령어들을 하나로 묶어서 쓰는걸 추천합니다.
$ brew cleanup

# 설치되어있는 팩키지들을 보여줍니다.
$ brew list

# brew uninstall 로 필요없는 녀석들 삭제합니다.
$ brew uninstall abcde
Uninstalling /usr/local/Cellar/abcde/2.7.2... (13 files, 422.7K)

# brew update 로 brew의 팩키지 정보를 최신으로 갱신합니다. (자주 합시다!)
$ brew update

# 참고로 brew upgrade만 치면 모든 팩키지를 업데이트 시도합니다.
$ brew upgrade

# 즉 다음과 같이 치면, 아주 손쉽게 업그레이드가 가능합니다.
$ brew update ; brew upgrade ; brew cleanup

# brew는 tap을 지원합니다.
# 일종의 확장과도 같은데, Science 탭을 tap하면, Science관련 팩키지들을 다운 받을 수 있습니다.
$ brew tap
aspnet/dnx
caskroom/cask
caskroom/fonts
homebrew/apache
homebrew/binary
homebrew/boneyard
homebrew/command-not-found
homebrew/core
homebrew/dupes
homebrew/fuse
homebrew/games
homebrew/headonly
homebrew/php
homebrew/python
homebrew/science
homebrew/services
homebrew/tex
homebrew/versions
homebrew/x11
jlhonora/lsusb
neovim/neovim
zyedidia/micro

# 이렇게 탭을 확장할 수 있습니다.
$ brew tap caskroom/fonts
Cloning into '/usr/local/Homebrew/Library/Taps/caskroom/homebrew-fonts'...
remote: Counting objects: 1067, done.
remote: Compressing objects: 100% (1057/1057), done.
remote: Total 1067 (delta 220), reused 26 (delta 7), pack-reused 0
Receiving objects: 100% (1067/1067), 259.84 KiB | 0 bytes/s, done.
Resolving deltas: 100% (220/220), done.
Tapped 0 formulae (1,083 files, 888.2K)

# 탭이 필요없다면 다음과 같이 언탭을 하면 됩니다.
$ brew untap caskroom/fonts
Untapping caskroom/fonts... (1,168 files, 1.4M)
Untapped 0 formulae

# Caskroom이라고 CLI 프로그램 뿐만 아니라 앱들도 설치가 가능합니다.
# 앱스토어에 없는 Alfred, Postman 같은 녀석들을 설치 가능합니다.
# 기존의 brew 사용법과 동일합니다.
$ brew cask install alfred
$ brew cask unistall alfred
$ brew cask list
$ brew cask tap ...
```

기본적인 명령어를 알아봤습니다. 일반적으로 처음 사용하신다면 install, upgrade, update 만 사용하실거라고 생각됩니다. 기능들은 차차 배워나가면 되고, 개발을 할 때 필요한 녀석들은 대부분 Hombrew에 있음으로 일단 Hombrew에서 검색을 해보고 설치하는 걸 권장합니다. 저는 아직도 Haskell GHC를 dmg로 설치했다가 업그레이드 관련으로 엄청 꼬여서 그냥 방치 중인데, brew로 설치했다면 그런 대 참사는 없었겠죠. 그만큼 팩키지로 관리하는건 중요합니다.

## [choco](https://chocolatey.org/)

심지어 윈도우에도 패키지 관리자가 있습니다! Windows 10부터 bash shell이 기본적으로 포함되게 되면서 의미가 많이 퇴색되었지만, 기본적으로 필요한 여러가지 CLI 툴들을 다운 받는데에는 아직도 상당히 요긴합니다. Powershell 환경에서 작업할 때 진가를 발휘하죠. 사실… 그렇게 많이 쓸 일은 없으니 그냥 설치 링크만 적어놓겠습니다.

p.s. 설치 가능한 팩키지들이 상당히 [독특](https://chocolatey.org/packages)하니 한 번 보시길 바랍니다.

## pip

pip은 파이썬 팩키지 관리자입니다.

- 윈도우 환경에서는 pip이 안 깔려있어 수동으로 깔아야만 했으나, 현재는 python을 설치할 때 같이 깔리게 됩니다.
- 리눅스 및 OS X 환경에서는 기본적으로 python과 pip이 설치되어 있음으로 그냥 사용하시면 됩니다.
- 다만, OS X의 경우 Homebrew와 같은 팩키지 관리자로 python과 pip을 새로 설치하여 쓰는 것을 권장합니다.

pip은 다른 팩키지 관리자와 사용 방법이 거의 동일합니다.

```bash
$ pip help

Usage:
  pip <command> [options]

Commands:
  install                     Install packages.
  download                    Download packages.
  uninstall                   Uninstall packages.
  freeze                      Output installed packages in requirements format.
  list                        List installed packages.
  show                        Show information about installed packages.
  search                      Search PyPI for packages.
  wheel                       Build wheels from your requirements.
  hash                        Compute hashes of package archives.
  completion                  A helper command used for command completion
  help                        Show help for commands.

# pip help를 하면 알 수 있듯이, pip <명령어> [옵션] 형태로 명령을 내립니다.
# 팩키지 검색, 설치, 설치된 팩키지 보기, 정보 보기, 삭제 순으로 실습을 해봅시다.
# pip으로 abc1 팩키지 검색
$ pip search abc1
abc1 (1.2.0)  - a list about my think

# pip으로 abc1 팩키지 설치
$ pip install abc1
Collecting abc1
  Downloading abc1-1.2.0.zip
Building wheels for collected packages: abc1
  Running setup.py bdist_wheel for abc1 ... done
  Stored in directory: 
  [Censored]
Successfully built abc1
Installing collected packages: abc1
Successfully installed abc1-1.2.0

# pip으로 설치된 abc1 팩키지 정보 보기
$ pip show abc1
---
Metadata-Version: 2.0
Name: abc1
Version: 1.2.0
Summary: a list about my think
Home-page: http://www.sheooo.com
Author: yangfeng
Author-email: [Censored]
Installer: pip
License: UNKNOWN
Location: /usr/local/lib/python2.7/site-packages
Requires:
Classifiers:

# pip으로 abc1 팩키지 삭제
$ pip uninstall abc1
Uninstalling abc1-1.2.0:
  /usr/local/lib/python2.7/site-packages/abc1-1.2.0.dist-info/DESCRIPTION.rst
  /usr/local/lib/python2.7/site-packages/abc1-1.2.0.dist-info/INSTALLER
  /usr/local/lib/python2.7/site-packages/abc1-1.2.0.dist-info/METADATA
  /usr/local/lib/python2.7/site-packages/abc1-1.2.0.dist-info/RECORD
  /usr/local/lib/python2.7/site-packages/abc1-1.2.0.dist-info/WHEEL
  /usr/local/lib/python2.7/site-packages/abc1-1.2.0.dist-info/metadata.json
  /usr/local/lib/python2.7/site-packages/abc1-1.2.0.dist-info/top_level.txt
  /usr/local/lib/python2.7/site-packages/abc1.py
Proceed (y/n)? y
  Successfully uninstalled abc1-1.2.0

# 솔직히 이런식으로 예제를 적을 필요가 있는가에 대해서 심각하게 고민을 했으나,
# 저는 학우 여러분을 믿지 않음으로 다 적습니다.
```

그렇다면, 이제 pip이 왜 존재하는가에 대해서 생각을 해볼차례겠네요. 사실 pip은 파이썬 개발에 있어서 아주 큰 축을 담당하고 있습니다. __라이브러리의 다운로드 및 관리__를 말이죠. 파이썬 라이브러리들은 pip을 통해 손쉽게 설치가 되고, 삭제가 될 수 있습니다. 즉, 코딩하다가 _이런이런게 필요한데…_ 라는 생각이 들 경우, 그 상황에 적합한 파이썬 라이브러리를 찾고, pip으로 다운로드를 하면 모든게 끝입니다. 짜고 있던 코드에서 `import "lib_what_you_want" `해주면, 라이브러리를 임포트 하고, 그 라이브러리를 사용해서 코딩을 하면 되죠. 그렇다면, 배포할 때에 상대방이 라이브러리가 없다면 어떻게해야할까요? 이는 일반적으로 requirements.txt 같은 라이브러리 요구사항을 적은 파일을 만들어 놓고, `pip install -U -r requirements.txt`를 하여 필요한 라이브러리를 설치하도록 하던지, 팩키지 관리자로 배포를 하면서, 의존성에 관한 파트를 기술하여, 사용하는 라이브러리도 자동으로 다운받도록 하는 방법이 있습니다.

{% include "/틀/작성중.md" %}

## gem

## npm

## bower

## gulp

## grunt

## pkg(ng)
Pkg는 FreeBSD 10.0-RELEASE와 함께 추가된 패키지 관리자입니다. 사실 정확한 이름은 pkgng로, *PKG* *N*ext *G*eneration을 표방합니다. 물론 이전에도 pkg라는 패키지 관리자가 있긴 했지만, 단일 프로그램이 아니라 `pkg_info`나 `pkg_add` 같은 군소 프로그램의 집합[^1]으로 존재했습니다. PkgNG는 단일 프로그램 `pkg`로 모든 기능이 합쳐진 결과물입니다.

FreeBSD 시스템을 새로 설치한 직후에는 `pkg`가 시스템에 없습니다. 따라서, Ports Tree[^2]로부터 직접 컴파일해야 합니다. root 계정으로 아래 명령어를 입력해 `pkg`를 설치합시다:

  > `cd /usr/ports/ports-mgmt/pkg; make install clean; cd -`

이제 시스템에 `pkg`가 존재하니 한 번 사용해봅시다. 자주 사용하는 명령 몇 가지를 정리해보았습니다:

- 패키지 설치

  > `pkg install 패키지-이름`

- 패키지 제거

  > `pkg delete 패키지-이름`

- 설치된 패키지 전체 목록 보기

  > `pkg version`

- 업데이트 가능한 패키지만 뽑아보기

  > `pkg version -vIL=`

- 패키지 업데이트

  > `pkg upgrade 패키지-이름`

[^1]: 비슷한 사례가 위에서 다룬 `apt`입니다. 예전에는 `apt-get`, `apt-cache` 같이 별개의 프로그램으로 존재했지만, 현재 `apt`라는 단일 프로그램으로 합쳐지는 중입니다.

[^2]: Ports Tree는 엄밀히 말해서 패키지 관리자가 아니므로 본 문서에서 다루지 않습니다.

## 결론

웬간한 프로그래밍 언어별, OS 별 팩키지 관리자가 하나씩 다 존재한다는 걸 슬슬 눈치채신 분들이 많을 거 같습니다. 다량의 플러그인이나, 팩키지나, 프로그램이나 라이브러리들을 설치할 때, "설치 할게 정말 많네, 이거 한 방에 설치할 방법이 없을까?"란 생각이 드신다면, 일단 인터넷에서 자동으로 설치하고 관리해주는 녀석을 찾는 걸 권장합니다. 이런 것들에 익숙해질수록, 설치했던거 또 설치하는 실수라던지, 업데이트가 나왔음에도 불구하고 out-dated된 녀석을 쓰는 일들은 많이 줄일 수 있을 것입니다. 또한, 개발 속도도 빨라질것입니다. 뭐 나중에는 스크립트 만들어 놓고 일정 주기로 업데이트를 한다던지, 자기가 만든 걸 등록한다던지 이런 일들을 할 수도 있겠죠.
